Microchip MPLAB XC8 Compiler V2.31

Linker command line:

-W-3 --edf=C:\Program Files\Microchip\xc8\v2.31\pic\dat\en_msgs.txt -cn \
  -h+dist/default/production\L07.X.production.sym \
  --cmf=dist/default/production\L07.X.production.cmf -z -Q16F887 \
  -oC:\Users\jpu20\AppData\Local\Temp\s4jo.2 --defsym=__MPLAB_BUILD=1 \
  -Mdist/default/production/L07.X.production.map -E1 -ver=XC8 Compiler \
  --acfsm=1493 -ASTACK=0110h-016Fh -pstack=STACK -ACODE=00h-07FFhx4 \
  -ASTRCODE=00h-01FFFh -ASTRING=00h-0FFhx32 -ACONST=00h-0FFhx32 \
  -AENTRY=00h-0FFhx32 -ACOMMON=070h-07Fh -ABANK0=020h-06Fh \
  -ABANK1=0A0h-0EFh -ABANK2=0110h-016Fh -ABANK3=0190h-01EFh \
  -ARAM=020h-06Fh,0A0h-0EFh,0110h-016Fh,0190h-01EFh \
  -AABS1=020h-07Fh,0A0h-0EFh,0110h-016Fh,0190h-01EFh -ASFR0=00h-01Fh \
  -ASFR1=080h-09Fh -ASFR2=0100h-010Fh -ASFR3=0180h-018Fh \
  -ACONFIG=02007h-02008h -DCONFIG=2 -AIDLOC=02000h-02003h -DIDLOC=2 \
  -AEEDATA=00h-0FFh/02100h -peeprom_data=EEDATA -DEEDATA=2 -DCODE=2 \
  -DSTRCODE=2 -DSTRING=2 -DCONST=2 -DENTRY=2 \
  -preset_vec=00h,intentry=04h,init,end_init -ppowerup=CODE -pcinit=CODE \
  -pfunctab=ENTRY -k C:\Users\jpu20\AppData\Local\Temp\s4jo.o \
  dist/default/production\L07.X.production.o 

Object code version is 3.11

Machine type is 16F887



                Name                               Link     Load   Length Selector   Space Scale
C:\Users\jpu20\AppData\Local\Temp\s4jo.o
                end_init                              E        E        3        8       0
                reset_vec                             0        0        3        0       0
                config                             2007     2007        2        0       4
dist/default/production\L07.X.production.o
                cinit                                11       11       15        8       0
                intentry                              4        4        A        8       0
                config                             2007     2007        2        0       4
                text9                               20E      20E        E        8       0
                text8                               1FF      1FF        F        8       0
                text7                               21C      21C        C        8       0
                text6                               1A3      1A3       24        8       0
                text5                               146      146       33        8       0
                text4                                26       26       69        8       0
                text3                                EB       EB       5B        8       0
                text2                                8F       8F       5C        8       0
                text1                               179      179       2A        8       0
                maintext                            1C7      1C7       15        8       0
                cstackBANK0                          30       30        E       20       1
                cstackCOMMON                         70       70        5       70       1
                inittext                            1DC      1DC       13        8       0
                dataBANK0                            20       20       10       20       1
                bssCOMMON                            75       75        3       70       1
                nvBANK0                              3E       3E        3       20       1
                nvCOMMON                             78       78        2       70       1
                idataBANK0                          1EF      1EF       10        8       0

TOTAL           Name                               Link     Load   Length     Space
        CLASS   STACK          

        CLASS   CODE           
                end_init                              E        E        3         0
                cinit                                11       11       15         0
                intentry                              4        4        A         0
                reset_vec                             0        0        3         0
                text9                               20E      20E        E         0
                text8                               1FF      1FF        F         0
                text7                               21C      21C        C         0
                text6                               1A3      1A3       24         0
                text5                               146      146       33         0
                text4                                26       26       69         0
                text3                                EB       EB       5B         0
                text2                                8F       8F       5C         0
                text1                               179      179       2A         0
                maintext                            1C7      1C7       15         0
                inittext                            1DC      1DC       13         0
                idataBANK0                          1EF      1EF       10         0

        CLASS   STRCODE        

        CLASS   STRING         

        CLASS   CONST          

        CLASS   ENTRY          

        CLASS   COMMON         
                cstackCOMMON                         70       70        5         1
                bssCOMMON                            75       75        3         1
                nvCOMMON                             78       78        2         1

        CLASS   BANK0          
                cstackBANK0                          30       30        E         1
                dataBANK0                            20       20       10         1
                nvBANK0                              3E       3E        3         1

        CLASS   BANK1          

        CLASS   BANK2          

        CLASS   BANK3          

        CLASS   RAM            

        CLASS   ABS1           
                abs_s1                               7E       7E        2         1

        CLASS   SFR0           

        CLASS   SFR1           

        CLASS   SFR2           

        CLASS   SFR3           

        CLASS   CONFIG         
                config                             2007     2007        2         4

        CLASS   IDLOC          

        CLASS   EEDATA         



SEGMENTS        Name                           Load    Length   Top    Selector   Space  Class     Delta

                reset_vec                      000000  000003  000003         0       0  CODE        2
                intentry                       000004  000224  000228         8       0  CODE        2
                dataBANK0                      000020  000021  000041        20       1  BANK0       1
                cstackCOMMON                   000070  00000A  00007A        70       1  COMMON      1


UNUSED ADDRESS RANGES

        Name                Unused          Largest block    Delta
        BANK0            0041-006F             2F           1
        BANK1            00A0-00EF             50           1
        BANK2            0110-016F             60           1
        BANK3            0190-01EF             60           1
        CODE             0003-0003              1           2
                         0228-1FFF            800
        COMMON           007A-007D              4           1
        CONST            0003-0003              1           2
                         0228-1FFF            100
        EEDATA           2100-21FF            100           2
        ENTRY            0003-0003              1           2
                         0228-1FFF            100
        IDLOC            2000-2003              4           2
        RAM              0041-006F             2F           1
                         00A0-00EF             50
                         0110-016F             60
                         0190-01EF             60
        SFR0             0000-001F             20           1
        SFR1             0080-009F             20           1
        SFR2             0100-010F             10           1
        SFR3             0180-018F             10           1
        STACK            0110-016F             60           1
        STRCODE          0003-0003              1           2
                         0228-1FFF           1DD8
        STRING           0003-0003              1           2
                         0228-1FFF            100

                                  Symbol Table

?___awdiv                cstackBANK0  0030
?___awmod                cstackBANK0  0030
_ANSEL                   (abs)        0188
_ANSELH                  (abs)        0189
_INTCONbits              (abs)        000B
_IOCBbits                (abs)        0096
_OPTION_REGbits          (abs)        0081
_OSCCONbits              (abs)        008F
_PORTA                   (abs)        0005
_PORTB                   (abs)        0006
_PORTBbits               (abs)        0006
_PORTC                   (abs)        0007
_PORTD                   (abs)        0008
_PORTE                   (abs)        0009
_PORTEbits               (abs)        0009
_RBIF                    (abs)        0058
_T0IF                    (abs)        005A
_TMR0                    (abs)        0001
_TRISA                   (abs)        0085
_TRISBbits               (abs)        0086
_TRISC                   (abs)        0087
_TRISD                   (abs)        0088
_TRISE                   (abs)        0089
__Habs1                  abs1         0000
__Hbank0                 bank0        0000
__Hbank1                 bank1        0000
__Hbank2                 bank2        0000
__Hbank3                 bank3        0000
__HbssCOMMON             bssCOMMON    0000
__Hcinit                 cinit        0026
__Hclrtext               clrtext      0000
__Hcode                  code         0000
__Hcommon                common       0000
__Hconfig                config       2009
__HcstackBANK0           cstackBANK0  0000
__HcstackCOMMON          cstackCOMMON 0000
__HdataBANK0             dataBANK0    0000
__Heeprom_data           eeprom_data  0000
__Hend_init              end_init     0011
__Hfunctab               functab      0000
__HidataBANK0            idataBANK0   0000
__Hinit                  init         000E
__Hinittext              inittext     0000
__Hintentry              intentry     000E
__Hmaintext              maintext     0000
__HnvBANK0               nvBANK0      0000
__HnvCOMMON              nvCOMMON     0000
__Hpowerup               powerup      0000
__Hram                   ram          0000
__Hreset_vec             reset_vec    0003
__Hsfr0                  sfr0         0000
__Hsfr1                  sfr1         0000
__Hsfr2                  sfr2         0000
__Hsfr3                  sfr3         0000
__Hspace_0               (abs)        0228
__Hspace_1               (abs)        007A
__Hspace_2               (abs)        0000
__Hspace_3               (abs)        0000
__Hspace_4               (abs)        4010
__Hstack                 stack        0000
__Hstrings               strings      0000
__Htext                  text         0000
__Labs1                  abs1         0000
__Lbank0                 bank0        0000
__Lbank1                 bank1        0000
__Lbank2                 bank2        0000
__Lbank3                 bank3        0000
__LbssCOMMON             bssCOMMON    0000
__Lcinit                 cinit        0011
__Lclrtext               clrtext      0000
__Lcode                  code         0000
__Lcommon                common       0000
__Lconfig                config       0000
__LcstackBANK0           cstackBANK0  0000
__LcstackCOMMON          cstackCOMMON 0000
__LdataBANK0             dataBANK0    0000
__Leeprom_data           eeprom_data  0000
__Lend_init              end_init     000E
__Lfunctab               functab      0000
__LidataBANK0            idataBANK0   0000
__Linit                  init         000E
__Linittext              inittext     0000
__Lintentry              intentry     0004
__Lmaintext              maintext     0000
__LnvBANK0               nvBANK0      0000
__LnvCOMMON              nvCOMMON     0000
__Lpowerup               powerup      0000
__Lram                   ram          0000
__Lreset_vec             reset_vec    0000
__Lsfr0                  sfr0         0000
__Lsfr1                  sfr1         0000
__Lsfr2                  sfr2         0000
__Lsfr3                  sfr3         0000
__Lspace_0               (abs)        0000
__Lspace_1               (abs)        0000
__Lspace_2               (abs)        0000
__Lspace_3               (abs)        0000
__Lspace_4               (abs)        0000
__Lstack                 stack        0000
__Lstrings               strings      0000
__Ltext                  text         0000
__S0                     (abs)        0228
__S1                     (abs)        007A
__S2                     (abs)        0000
__S3                     (abs)        0000
___awdiv                 text4        0026
___awdiv@counter         cstackBANK0  0035
___awdiv@dividend        cstackBANK0  0032
___awdiv@divisor         cstackBANK0  0030
___awdiv@quotient        cstackBANK0  0037
___awdiv@sign            cstackBANK0  0036
___awmod                 text3        00EB
___awmod@counter         cstackBANK0  0035
___awmod@dividend        cstackBANK0  0032
___awmod@divisor         cstackBANK0  0030
___awmod@sign            cstackBANK0  0036
___int_sp                stack        0000
___latbits               (abs)        0002
___sp                    stack        0000
___stackhi               (abs)        0000
___stacklo               (abs)        0000
__end_of___awdiv         text4        008F
__end_of___awmod         text3        0146
__end_of__initialization cinit        0022
__end_of_display1        text9        021C
__end_of_display2        text8        020E
__end_of_display3        text7        0228
__end_of_division        text2        00EB
__end_of_isr             text5        0179
__end_of_main            maintext     01DC
__end_of_multiplexado    text6        01C7
__end_of_setup           text1        01A3
__initialization         cinit        0011
__pbssCOMMON             bssCOMMON    0075
__pcstackBANK0           cstackBANK0  0030
__pcstackCOMMON          cstackCOMMON 0070
__pdataBANK0             dataBANK0    0020
__pidataBANK0            idataBANK0   01EF
__pintentry              intentry     0004
__pmaintext              maintext     01C7
__pnvBANK0               nvBANK0      003E
__pnvCOMMON              nvCOMMON     0078
__ptext1                 text1        0179
__ptext2                 text2        008F
__ptext3                 text3        00EB
__ptext4                 text4        0026
__ptext5                 text5        0146
__ptext6                 text6        01A3
__ptext7                 text7        021C
__ptext8                 text8        01FF
__ptext9                 text9        020E
__size_of___awdiv        (abs)        0000
__size_of___awmod        (abs)        0000
__size_of_display1       (abs)        0000
__size_of_display2       (abs)        0000
__size_of_display3       (abs)        0000
__size_of_division       (abs)        0000
__size_of_isr            (abs)        0000
__size_of_main           (abs)        0000
__size_of_multiplexado   (abs)        0000
__size_of_setup          (abs)        0000
_centenas                nvCOMMON     0079
_contador                nvBANK0      003E
_decenas                 nvBANK0      0040
_display1                text9        020E
_display2                text8        01FF
_display3                text7        021C
_division                text2        008F
_isr                     text5        0146
_main                    maintext     01C7
_multiplexado            text6        01A3
_residuo                 nvCOMMON     0078
_setup                   text1        0179
_tabla_7seg              dataBANK0    0020
_transistores            bssCOMMON    0076
_unidades                nvBANK0      003F
btemp                    (abs)        007E
division@dividendo       cstackBANK0  003C
end_of_initialization    cinit        0022
init_fetch0              inittext     01DC
init_ram0                inittext     01E0
interrupt_function       intentry     0004
intlevel0                functab      0000
intlevel1                functab      0000
intlevel2                functab      0000
intlevel3                functab      0000
intlevel4                functab      0000
intlevel5                functab      0000
reset_vec                reset_vec    0000
saved_w                  (abs)        007E
start                    init         000E
start_initialization     cinit        0011
wtemp0                   (abs)        007E


FUNCTION INFORMATION:

 *************** function _main *****************
 Defined at:
		line 95 in file "main_L07.c"
 Parameters:    Size  Location     Type
		None
 Auto vars:     Size  Location     Type
		None
 Return value:  Size  Location     Type
                  1    wreg      void 
 Registers used:
		wreg, status,2, status,0, pclath, cstack
 Tracked objects:
		On entry : 
		On exit  : 
		Unchanged: 
 Data sizes:     COMMON   BANK0   BANK1   BANK3   BANK2
      Params:         0       0       0       0       0
      Locals:         0       0       0       0       0
      Temps:          0       1       0       0       0
      Totals:         0       1       0       0       0
Total ram usage:        1 bytes
 Hardware stack levels required when called:    5
 This function calls:
		_division
		_setup
 This function is called by:
		Startup code after reset
 This function uses a non-reentrant model


 *************** function _setup *****************
 Defined at:
		line 106 in file "main_L07.c"
 Parameters:    Size  Location     Type
		None
 Auto vars:     Size  Location     Type
		None
 Return value:  Size  Location     Type
                  1    wreg      void 
 Registers used:
		wreg, status,2
 Tracked objects:
		On entry : 
		On exit  : 
		Unchanged: 
 Data sizes:     COMMON   BANK0   BANK1   BANK3   BANK2
      Params:         0       0       0       0       0
      Locals:         0       0       0       0       0
      Temps:          0       0       0       0       0
      Totals:         0       0       0       0       0
Total ram usage:        0 bytes
 Hardware stack levels used:    1
 Hardware stack levels required when called:    3
 This function calls:
		Nothing
 This function is called by:
		_main
 This function uses a non-reentrant model


 *************** function _division *****************
 Defined at:
		line 192 in file "main_L07.c"
 Parameters:    Size  Location     Type
  dividendo       1    wreg     unsigned char 
 Auto vars:     Size  Location     Type
  dividendo       1   12[BANK0 ] unsigned char 
 Return value:  Size  Location     Type
                  1    wreg      unsigned char 
 Registers used:
		wreg, status,2, status,0, pclath, cstack
 Tracked objects:
		On entry : 
		On exit  : 
		Unchanged: 
 Data sizes:     COMMON   BANK0   BANK1   BANK3   BANK2
      Params:         0       0       0       0       0
      Locals:         0       1       0       0       0
      Temps:          0       3       0       0       0
      Totals:         0       4       0       0       0
Total ram usage:        4 bytes
 Hardware stack levels used:    1
 Hardware stack levels required when called:    4
 This function calls:
		___awdiv
		___awmod
 This function is called by:
		_main
 This function uses a non-reentrant model


 *************** function ___awmod *****************
 Defined at:
		line 5 in file "C:\Program Files\Microchip\xc8\v2.31\pic\sources\c90\common\awmod.c"
 Parameters:    Size  Location     Type
  divisor         2    0[BANK0 ] int 
  dividend        2    2[BANK0 ] int 
 Auto vars:     Size  Location     Type
  sign            1    6[BANK0 ] unsigned char 
  counter         1    5[BANK0 ] unsigned char 
 Return value:  Size  Location     Type
                  2    0[BANK0 ] int 
 Registers used:
		wreg, status,2, status,0
 Tracked objects:
		On entry : 
		On exit  : 
		Unchanged: 
 Data sizes:     COMMON   BANK0   BANK1   BANK3   BANK2
      Params:         0       4       0       0       0
      Locals:         0       2       0       0       0
      Temps:          0       1       0       0       0
      Totals:         0       7       0       0       0
Total ram usage:        7 bytes
 Hardware stack levels used:    1
 Hardware stack levels required when called:    3
 This function calls:
		Nothing
 This function is called by:
		_division
 This function uses a non-reentrant model


 *************** function ___awdiv *****************
 Defined at:
		line 5 in file "C:\Program Files\Microchip\xc8\v2.31\pic\sources\c90\common\awdiv.c"
 Parameters:    Size  Location     Type
  divisor         2    0[BANK0 ] int 
  dividend        2    2[BANK0 ] int 
 Auto vars:     Size  Location     Type
  quotient        2    7[BANK0 ] int 
  sign            1    6[BANK0 ] unsigned char 
  counter         1    5[BANK0 ] unsigned char 
 Return value:  Size  Location     Type
                  2    0[BANK0 ] int 
 Registers used:
		wreg, status,2, status,0
 Tracked objects:
		On entry : 
		On exit  : 
		Unchanged: 
 Data sizes:     COMMON   BANK0   BANK1   BANK3   BANK2
      Params:         0       4       0       0       0
      Locals:         0       4       0       0       0
      Temps:          0       1       0       0       0
      Totals:         0       9       0       0       0
Total ram usage:        9 bytes
 Hardware stack levels used:    1
 Hardware stack levels required when called:    3
 This function calls:
		Nothing
 This function is called by:
		_division
 This function uses a non-reentrant model


 *************** function _isr *****************
 Defined at:
		line 64 in file "main_L07.c"
 Parameters:    Size  Location     Type
		None
 Auto vars:     Size  Location     Type
		None
 Return value:  Size  Location     Type
                  1    wreg      void 
 Registers used:
		wreg, fsr0l, fsr0h, status,2, status,0, pclath, cstack
 Tracked objects:
		On entry : 
		On exit  : 
		Unchanged: 
 Data sizes:     COMMON   BANK0   BANK1   BANK3   BANK2
      Params:         0       0       0       0       0
      Locals:         0       0       0       0       0
      Temps:          4       0       0       0       0
      Totals:         4       0       0       0       0
Total ram usage:        4 bytes
 Hardware stack levels used:    1
 Hardware stack levels required when called:    2
 This function calls:
		_multiplexado
 This function is called by:
		Interrupt level 1
 This function uses a non-reentrant model


 *************** function _multiplexado *****************
 Defined at:
		line 151 in file "main_L07.c"
 Parameters:    Size  Location     Type
		None
 Auto vars:     Size  Location     Type
		None
 Return value:  Size  Location     Type
                  1    wreg      void 
 Registers used:
		wreg, fsr0l, fsr0h, status,2, status,0, pclath, cstack
 Tracked objects:
		On entry : 
		On exit  : 
		Unchanged: 
 Data sizes:     COMMON   BANK0   BANK1   BANK3   BANK2
      Params:         0       0       0       0       0
      Locals:         0       0       0       0       0
      Temps:          0       0       0       0       0
      Totals:         0       0       0       0       0
Total ram usage:        0 bytes
 Hardware stack levels used:    1
 Hardware stack levels required when called:    1
 This function calls:
		_display1
		_display2
		_display3
 This function is called by:
		_isr
 This function uses a non-reentrant model


 *************** function _display3 *****************
 Defined at:
		line 184 in file "main_L07.c"
 Parameters:    Size  Location     Type
		None
 Auto vars:     Size  Location     Type
		None
 Return value:  Size  Location     Type
                  1    wreg      void 
 Registers used:
		wreg, fsr0l, fsr0h, status,2, status,0
 Tracked objects:
		On entry : 
		On exit  : 
		Unchanged: 
 Data sizes:     COMMON   BANK0   BANK1   BANK3   BANK2
      Params:         0       0       0       0       0
      Locals:         0       0       0       0       0
      Temps:          0       0       0       0       0
      Totals:         0       0       0       0       0
Total ram usage:        0 bytes
 Hardware stack levels used:    1
 This function calls:
		Nothing
 This function is called by:
		_multiplexado
 This function uses a non-reentrant model


 *************** function _display2 *****************
 Defined at:
		line 176 in file "main_L07.c"
 Parameters:    Size  Location     Type
		None
 Auto vars:     Size  Location     Type
		None
 Return value:  Size  Location     Type
                  1    wreg      void 
 Registers used:
		wreg, fsr0l, fsr0h, status,2, status,0
 Tracked objects:
		On entry : 
		On exit  : 
		Unchanged: 
 Data sizes:     COMMON   BANK0   BANK1   BANK3   BANK2
      Params:         0       0       0       0       0
      Locals:         0       0       0       0       0
      Temps:          1       0       0       0       0
      Totals:         1       0       0       0       0
Total ram usage:        1 bytes
 Hardware stack levels used:    1
 This function calls:
		Nothing
 This function is called by:
		_multiplexado
 This function uses a non-reentrant model


 *************** function _display1 *****************
 Defined at:
		line 167 in file "main_L07.c"
 Parameters:    Size  Location     Type
		None
 Auto vars:     Size  Location     Type
		None
 Return value:  Size  Location     Type
                  1    wreg      void 
 Registers used:
		wreg, fsr0l, fsr0h, status,2, status,0
 Tracked objects:
		On entry : 
		On exit  : 
		Unchanged: 
 Data sizes:     COMMON   BANK0   BANK1   BANK3   BANK2
      Params:         0       0       0       0       0
      Locals:         0       0       0       0       0
      Temps:          0       0       0       0       0
      Totals:         0       0       0       0       0
Total ram usage:        0 bytes
 Hardware stack levels used:    1
 This function calls:
		Nothing
 This function is called by:
		_multiplexado
 This function uses a non-reentrant model



MODULE INFORMATION

Module		Function		Class		Link	Load	Size
main_L07.c
		_display1      		CODE           	020E	0000	14
		_display2      		CODE           	01FF	0000	15
		_display3      		CODE           	021C	0000	12
		_main          		CODE           	01C7	0000	21
		_multiplexado  		CODE           	01A3	0000	36
		_isr           		CODE           	0146	0000	51
		_division      		CODE           	008F	0000	92
		_setup         		CODE           	0179	0000	42

main_L07.c estimated size: 283

C:\Program Files\Microchip\xc8\v2.31\pic\sources\c90\common\awmod.c
		___awmod       		CODE           	00EB	0000	91

C:\Program Files\Microchip\xc8\v2.31\pic\sources\c90\common\awmod.c estimated size: 91

C:\Program Files\Microchip\xc8\v2.31\pic\sources\c90\common\awdiv.c
		___awdiv       		CODE           	0026	0000	105

C:\Program Files\Microchip\xc8\v2.31\pic\sources\c90\common\awdiv.c estimated size: 105

shared
		__initialization		CODE           	0011	0000	17

shared estimated size: 17

